// Vitest Snapshot v1, https://vitest.dev/guide/snapshot.html

exports[`react > getClass 1`] = `
[
  [
    "className='content'",
    "content",
  ],
  [
    "className='indent-1/2'",
    "indent-1/2",
  ],
  [
    "className='font-[system-ui] bg-teal-200:55'",
    "font-[system-ui] bg-teal-200:55",
  ],
  [
    "className='font-$font-name'",
    "font-$font-name",
  ],
  [
    "className='tracking-[2/5] bg-teal-200:55'",
    "tracking-[2/5] bg-teal-200:55",
  ],
  [
    "className='h-1.000%'",
    "h-1.000%",
  ],
  [
    "className='bg-teal-200:55'",
    "bg-teal-200:55",
  ],
  [
    "className='text-area'",
    "text-area",
  ],
  [
    "className='text-gray-500_50'",
    "text-gray-500_50",
  ],
  [
    "className='text-gray-500:50'",
    "text-gray-500:50",
  ],
  [
    "className='text-gray-500/50'",
    "text-gray-500/50",
  ],
  [
    "className='text-red-500_50'",
    "text-red-500_50",
  ],
  [
    "className='text-red-500:50'",
    "text-red-500:50",
  ],
  [
    "className='text-red-500/50'",
    "text-red-500/50",
  ],
  [
    "className='text-yellow-500_50'",
    "text-yellow-500_50",
  ],
  [
    "className='text-yellow-500:50'",
    "text-yellow-500:50",
  ],
  [
    "className='text-yellow-500/50'",
    "text-yellow-500/50",
  ],
  [
    "className='text-blue-500_50'",
    "text-blue-500_50",
  ],
  [
    "className='text-blue-500/50'",
    "text-blue-500/50",
  ],
  [
    "className='text-blue-500:50'",
    "text-blue-500:50",
  ],
  [
    "className='text-green-500_50'",
    "text-green-500_50",
  ],
  [
    "className='text-green-500:50'",
    "text-green-500:50",
  ],
  [
    "className='text-green-500/50'",
    "text-green-500/50",
  ],
  [
    "className='c-hex-157_60'",
    "c-hex-157_60",
  ],
  [
    "className='c-hex-157/60'",
    "c-hex-157/60",
  ],
  [
    "className='c-[#157]/60'",
    "c-[#157]/60",
  ],
  [
    "className='c-[#157]_60'",
    "c-[#157]_60",
  ],
  [
    "className='c-[#157]:60'",
    "c-[#157]:60",
  ],
]
`;

exports[`react > transformCode 1`] = `
"<View className='content'>
<View className='indent-1_sl_2'> indent-1/2 </View>
<View className='font-_lfl_system-ui_lfr_ bg-teal-200_cl_55'> font-[system-ui] </View>
<View className='font-_do_font-name'> font-$font-name </View>

<View className='tracking-_lfl_2_sl_5_lfr_ bg-teal-200_cl_55'> tracking-[2/5] </View>
<View className='h-1_dl_000_pes_'> h-1.000% </View>

<View className='bg-teal-200_cl_55'> bg-teal-200:55 </View>
<View className='text-area'>

</View>

<View className='text-gray-500_50'>
text-gray-500
</View>

<View className='text-gray-500_cl_50'>
text-gray-500
</View>

<View className='text-gray-500_sl_50'>
text-gray-500
</View>

<View className='text-red-500_50'>
text-red-500
</View>

<View className='text-red-500_cl_50'>
text-red-500
</View>

<View className='text-red-500_sl_50'>
text-red-500
</View>

<View className='text-yellow-500_50'>
text-yellow-500
</View>

<View className='text-yellow-500_cl_50'>
text-yellow-500
</View>

<View className='text-yellow-500_sl_50'>
text-yellow-500
</View>

<View className='text-blue-500_50'>
text-blue-500
</View>

<View className='text-blue-500_sl_50'>
text-blue-500
</View>

<View className='text-blue-500_cl_50'>
text-blue-500
</View>

<View className='text-green-500_50'>
text-green-500
</View>

<View className='text-green-500_cl_50'>
text-green-500
</View>

<View className='text-green-500_sl_50'>
text-green-500
</View>

<View className='c-hex-157_60'>
c-hex-157
</View>

<View className='c-hex-157_sl_60'>
c-hex-157
</View>

<View className='c-_lfl__wn_157_lfr__sl_60'>
c-[#157]
</View>

<View className='c-_lfl__wn_157_lfr__60'>
c-[#157]
</View>

<View className='c-_lfl__wn_157_lfr__cl_60'>
c-[#157]
</View>
</View>"
`;
