// Vitest Snapshot v1

exports[`vue > getArrClass 1`] = `
[
  "font-$font-name bg-teal-200:55",
  "tracking-[2/5]",
  "font-$font-name",
  "tracking-[2/5]",
]
`;

exports[`vue > getClass 1`] = `
[
  [
    "class=\\"text-red-500:20  bg-blue-200:20\\"",
    "text-red-500:20  bg-blue-200:20",
  ],
]
`;

exports[`vue > getObjClass 1`] = `
[
  "bg-teal-200:55",
  "h-1.000%",
  "font-$font-name",
]
`;

exports[`vue > getObjClass 2`] = `
[
  "bg-blue-600:80",
  "text-green-600/40",
]
`;

exports[`vue > replaceAll 1`] = `
"<view class=\\"text-red-500-c-20  bg-blue-200-c-20 bg--fl--w-333-fr--s-50 bg--fl--w-999-fr--s-50\\">
text-red-500:20
</view>"
`;

exports[`vue > transformCode 1`] = `
"<template>
<view class=\\"content\\">
  <view class=\\"indent-1-s-2\\">
    indent-1/2
  </view>
  <view class=\\"font--fl-system-ui-fr- bg-teal-200-c-55\\">
    font-[system-ui]
  </view>
  <view class=\\"font--r-font-name\\">
    font-$font-name
  </view>

  <view class=\\"font--r-font-name\\" :class=\\"[title === '2.3' ? 'font--r-font-name bg-teal-200-c-55' : 'tracking--fl-2-s-5-fr-',isFont ? 'font--r-font-name' : 'tracking--fl-2-s-5-fr-']\\">
    [title === '2.3' ? 'font-$font-name bg-teal-200:55' : 'tracking-[2/5]',isFont ? 'font-$font-name' : 'tracking-[2/5]']
  </view>

  <view :class=\\"{ 'bg-teal-200-c-55': title === 'Hello', 'h-1-d-000-p-': title === 'Hello', 'font--r-font-name': isFont }\\">
    { 'bg-teal-200:55': title === 'Hello', 'h-1.000%': title === 'Hello', 'font-$font-name': isFont }
  </view>

  <view class=\\"tracking--fl-2-s-5-fr- bg-teal-200-c-55\\">
    tracking-[2/5]
  </view>

  <view class=\\"h-1-d-000-p-\\">
    h-1.000%
  </view>

  <view class=\\"h-1-d-000-p-\\">
  h-1.000%
</view>

  <view class=\\"bg-teal-200-c-55\\">
    bg-teal-200:55
  </view>
  <image class=\\"logo\\" src=\\"/static/logo.png\\" />
  <view class=\\"text-area\\">
    <text class=\\"title\\">
      {{ title }}
    </text>
  </view>
</view>
</template>"
`;

exports[`vue > transformCode 2`] = `
"
<template>
<view class=\\"p-2\\">
  <view class=\\"w-300 p-2 bg-green-200 text-center\\" @click=\\"onChange\\">
    change flag
  </view>

  <view
    :class=\\"{
      'bg-blue-600-c-80': flag,
      'text-green-600-s-40': !flag,
    }\\"
  >
    111111111
  </view>

  <view
    :class=\\"{'bg-blue-600-c-80': flag,'text-green-600-s-40': !flag}\\"
  >
    111111111
  </view>


  <view
  :class=\\"[
    flag ? 'bg-blue-600-s-40' : 'bg-blue-600-c-80',
    !flag ? 'text-yellow-800-s-80' : 'text-yellow-800-s-40',
  ]\\"
>
  111111111
</view>

<view
  :class=\\"[
    flag ? 'bg-blue-600-s-40' : 'bg-blue-600-c-80',
    !flag ? 'text-yellow-800-s-80' : 'text-yellow-800-s-40',
  ]\\"
>
  111111111
</view>

<view class=\\"content title foot\\">view</view>

</view>
</template>
"
`;
